Welcome to Node.js v12.18.2.
Type ".help" for more information.
> typeof(1)
'number'
> typeof(1.1)
'number'
> typeof("1.1")
'string'
> typeof(true)
'boolean'
> typeof(null)
'object'
> typeof(undefined)
'undefined'
> typeof([])
'object'
> typeof({})
'object'             